// Jest Snapshot v1, https://goo.gl/fbAQLP

exports[`should render ExpenseList with empty message 1`] = `
<div>
  <p>
    No expenses
  </p>
</div>
`;

exports[`should render ExpenseList with expenses 1`] = `
<div>
  <ExpenseItem
    amount={199}
    createdAt={0}
    description="Gum"
    id={1}
    key="1"
    note=""
  />
  <ExpenseItem
    amount={2000}
    createdAt={-345600000}
    description="Credit Card"
    id={2}
    key="2"
    note=""
  />
  <ExpenseItem
    amount={109500}
    createdAt={345600000}
    description="Rent"
    id={3}
    key="3"
    note=""
  />
</div>
`;
